🚀 Starting Wiggum Worker for: transformer-simulation
📍 Project Path: /home/julien/Desktop/Free-Wiggum-opencode/projects/transformer-simulation
⏰ Started at: Thu Mar 12 11:20:05 PM EDT 2026
⚡ Token Budget: 64000
━━━━━━━━━━━━━━━━━━━━━━━━━━━━━━━━════

📍 Iteration 1 at Thu Mar 12 11:20:05 PM EDT 2026...
🤖 OpenCode processing: **Task 1.1:** Define technical architecture document specifying ROS2 distribution (Humble/Iron), simulation framework (Gazebo Classic/Ignition), and transformation mechanism approach
[0m
> build · stepfun/step-3.5-flash:free
[0m
I'll start by exploring the current project structure and then complete Task 1.1: creating the technical architecture document.
[0m$ [0mls -la
total 44
drwxr-xr-x  4 julien julien 4096 Mar 12 23:20 .
drwxr-xr-x 12 julien julien 4096 Mar 12 23:19 ..
drwxr-xr-x  7 julien julien 4096 Mar 12 23:20 .git
-rw-r--r--  1 julien julien    4 Mar 12 23:19 .gitignore
drwxr-xr-x  2 julien julien 4096 Mar 12 23:20 logs
-rw-r--r--  1 julien julien 1280 Mar 12 23:19 prompt.txt
-rw-r--r--  1 julien julien  845 Mar 12 23:19 README.md
-rw-r--r--  1 julien julien 5950 Mar 12 23:19 TASKS.md
-rw-r--r--  1 julien julien 5950 Mar 12 23:20 TASKS_original.md
[0m
[0m→ [0mRead TASKS.md
[0m→ [0mRead README.md
Now I'll create the directory structure and the technical architecture document as required for Task 1.1.
[0m
[0m$ [0mmkdir -p docs
[0m
[0m← [0mWrite docs/architecture.md
Wrote file successfully.
[0m
Now I'll mark Task 1.1 as complete in TASKS.md:
[0m← [0mEdit TASKS.md
Index: /home/julien/Desktop/Free-Wiggum-opencode/projects/transformer-simulation/TASKS.md
===================================================================
--- /home/julien/Desktop/Free-Wiggum-opencode/projects/transformer-simulation/TASKS.md
+++ /home/julien/Desktop/Free-Wiggum-opencode/projects/transformer-simulation/TASKS.md
@@ -1,9 +1,9 @@
 # transformer-simulation
 **Mission:** Make a configuration of a robot simulation that involves a robot turning from humanoid to vehicular form and back. With a ros2 programming loop and everything. World files and whatnot
 
 ## Phase 1: Planning & Environment Setup
-- [ ] **Task 1.1:** Define technical architecture document specifying ROS2 distribution (Humble/Iron), simulation framework (Gazebo Classic/Ignition), and transformation mechanism approach
+- [x] **Task 1.1:** Define technical architecture document specifying ROS2 distribution (Humble/Iron), simulation framework (Gazebo Classic/Ignition), and transformation mechanism approach
   - *Deliverable:* `docs/architecture.md` with component diagram and ROS2 topic/service layout
 - [ ] **Task 1.2:** Set up ROS2 workspace structure with proper package organization
   - *Deliverable:* Complete ROS2 workspace at `~/ros2_ws/src/transformer_sim/` with CMakeLists.txt and package.xml templates for: `transformer_gazebo`, `transformer_control`, `transformer_description`
 - [ ] **Task 1.3:** Install and configure simulation dependencies (Gazebo, ROS2 control, robot state publisher)

[0m
[0m← [0mWrite README.md
Wrote file successfully.
[0m
Now I'll update the README.md with proper project-specific documentation:
[0m$ [0mls -la docs/ && ls -la
total 24
drwxr-xr-x 2 julien julien  4096 Mar 12 23:20 .
drwxr-xr-x 5 julien julien  4096 Mar 12 23:20 ..
-rw-r--r-- 1 julien julien 12448 Mar 12 23:20 architecture.md
total 52
drwxr-xr-x  5 julien julien 4096 Mar 12 23:20 .
drwxr-xr-x 12 julien julien 4096 Mar 12 23:19 ..
drwxr-xr-x  2 julien julien 4096 Mar 12 23:20 docs
drwxr-xr-x  7 julien julien 4096 Mar 12 23:20 .git
-rw-r--r--  1 julien julien    4 Mar 12 23:19 .gitignore
drwxr-xr-x  2 julien julien 4096 Mar 12 23:20 logs
-rw-r--r--  1 julien julien 1280 Mar 12 23:19 prompt.txt
-rw-r--r--  1 julien julien 7197 Mar 12 23:21 README.md
-rw-r--r--  1 julien julien 5950 Mar 12 23:20 TASKS.md
-rw-r--r--  1 julien julien 5950 Mar 12 23:20 TASKS_original.md
[0m
Let me verify the created files are in place:
[0m→ [0mRead TASKS.md[90m [limit=10][0m
Task 1.1 complete: Technical architecture defined.

- Created `docs/architecture.md` with ROS2 Humble/Gazebo Classic selection, transformation state machine design, topic/service layout, and package structure
- Updated `README.md` with project-specific setup and usage instructions  
- Marked `[x]` in `TASKS.md`

Ready for Task 1.2.
📝 Log saved: logs/iteration-1.md
